// Jest Snapshot v1, https://goo.gl/fbAQLP

exports[`Layout renders children correctly 1`] = `
<div
  className="container"
>
  <nav
    className="navbar navbar-expand-lg fixed-top main-nav navbar-light"
  >
    <div
      className="container"
    >
      <div
        className="clearfix d-sm-block d-md-none"
      >
        <svg
          aria-hidden="true"
          className="svg-inline--fa fa-bars fa-w-14 "
          data-icon="bars"
          data-prefix="fas"
          onClick={[Function]}
          role="img"
          style={
            Object {
              "marginRight": 10,
            }
          }
          viewBox="0 0 448 512"
          xmlns="http://www.w3.org/2000/svg"
        >
          <path
            d="M16 132h416c8.837 0 16-7.163 16-16V76c0-8.837-7.163-16-16-16H16C7.163 60 0 67.163 0 76v40c0 8.837 7.163 16 16 16zm0 160h416c8.837 0 16-7.163 16-16v-40c0-8.837-7.163-16-16-16H16c-8.837 0-16 7.163-16 16v40c0 8.837 7.163 16 16 16zm0 160h416c8.837 0 16-7.163 16-16v-40c0-8.837-7.163-16-16-16H16c-8.837 0-16 7.163-16 16v40c0 8.837 7.163 16 16 16z"
            fill="currentColor"
            style={Object {}}
          />
        </svg>
        <div
          className="mobileMenu"
        >
          <nav>
            <h3
              className="mobileMenuHeadline"
              onClick={[Function]}
            >
              Adam Goldman
            </h3>
            <ul
              className="navbar-nav"
            >
              <li
                className="nav-item"
              >
                <a
                  className="nav-link navLink"
                  href="/"
                  onClick={[Function]}
                >
                  Home
                </a>
              </li>
              <li
                className="nav-item"
              >
                <a
                  className="nav-link navLink"
                  href="/transcripts"
                  onClick={[Function]}
                >
                  Transcripts
                </a>
              </li>
              <li
                className="nav-item"
              >
                <a
                  className="nav-link navLink"
                  href="/tools"
                  onClick={[Function]}
                >
                  Tutorials
                </a>
              </li>
              <li
                className="nav-item"
              >
                <a
                  className="nav-link navLink"
                  href="/about"
                  onClick={[Function]}
                >
                  About
                </a>
              </li>
              <li
                className="nav-item"
              >
                <a
                  className="nav-link navLink"
                  href="https://www.adamgoldman.me/contact"
                  rel="nofollow noreferrer noopener"
                  target="_blank"
                >
                  Contact
                </a>
              </li>
              <li
                className="nav-item"
              >
                <a
                  className="nav-link navLink"
                  href="/i-dont-charge-i-accept"
                  onClick={[Function]}
                >
                  <span>
                    Pricing 
                    <svg
                      aria-hidden="true"
                      className="svg-inline--fa fa-heart fa-w-16 "
                      data-icon="heart"
                      data-prefix="fas"
                      role="img"
                      style={
                        Object {
                          "color": "red",
                          "marginLeft": 5,
                        }
                      }
                      viewBox="0 0 512 512"
                      xmlns="http://www.w3.org/2000/svg"
                    >
                      <path
                        d="M462.3 62.6C407.5 15.9 326 24.3 275.7 76.2L256 96.5l-19.7-20.3C186.1 24.3 104.5 15.9 49.7 62.6c-62.8 53.6-66.1 149.8-9.9 207.9l193.5 199.8c12.5 12.9 32.8 12.9 45.3 0l193.5-199.8c56.3-58.1 53-154.3-9.8-207.9z"
                        fill="currentColor"
                        style={Object {}}
                      />
                    </svg>
                  </span>
                </a>
              </li>
              <li
                className="nav-item"
                style={
                  Object {
                    "marginTop": 20,
                  }
                }
              >
                <a
                  className="nav-link btn btn-primary btn-block"
                  href="https://www.adamgoldman.me/book-session"
                  rel="nofollow noreferrer noopener"
                  target="_blank"
                >
                  Book a session
                </a>
              </li>
            </ul>
          </nav>
        </div>
      </div>
      <a
        className="navbar-brand mr-auto"
        href="/"
        onClick={[Function]}
      >
        Adam Goldman
      </a>
      <div
        className="collapse navbar-collapse"
      >
        <ul
          className="navbar-nav ml-auto"
        >
          <li
            className="nav-item"
          >
            <a
              className="nav-link"
              href="/transcripts"
              onClick={[Function]}
            >
              Transcripts
            </a>
          </li>
          <li
            className="nav-item"
          >
            <a
              className="nav-link"
              href="/tools"
              onClick={[Function]}
            >
              Tutorials
            </a>
          </li>
          <li
            className="nav-item"
          >
            <a
              className="nav-link"
              href="/about"
              onClick={[Function]}
            >
              About
            </a>
          </li>
          <li
            className="nav-item"
          >
            <a
              className="nav-link"
              href="https://www.adamgoldman.me/contact"
              rel="nofollow noreferrer noopener"
              target="_blank"
            >
              Contact
            </a>
          </li>
          <li
            className="nav-item"
          >
            <a
              className="nav-link"
              href="/i-dont-charge-i-accept"
              onClick={[Function]}
            >
              <span>
                Pricing 
                <svg
                  aria-hidden="true"
                  className="svg-inline--fa fa-heart fa-w-16 "
                  data-icon="heart"
                  data-prefix="fas"
                  role="img"
                  style={
                    Object {
                      "color": "red",
                      "marginLeft": 5,
                    }
                  }
                  viewBox="0 0 512 512"
                  xmlns="http://www.w3.org/2000/svg"
                >
                  <path
                    d="M462.3 62.6C407.5 15.9 326 24.3 275.7 76.2L256 96.5l-19.7-20.3C186.1 24.3 104.5 15.9 49.7 62.6c-62.8 53.6-66.1 149.8-9.9 207.9l193.5 199.8c12.5 12.9 32.8 12.9 45.3 0l193.5-199.8c56.3-58.1 53-154.3-9.8-207.9z"
                    fill="currentColor"
                    style={Object {}}
                  />
                </svg>
              </span>
            </a>
          </li>
          <li
            className="nav-item"
            style={
              Object {
                "marginLeft": 10,
              }
            }
          >
            <a
              className="nav-link btn btn-primary btn-sm"
              href="https://www.adamgoldman.me/book-session"
              rel="nofollow noreferrer noopener"
              target="_blank"
            >
              Book a session
            </a>
          </li>
        </ul>
      </div>
      <a
        className="nav-link btn btn-primary btn-sm d-sm-block d-md-none"
        href="https://www.adamgoldman.me/book-session"
        rel="nofollow noreferrer noopener"
        target="_blank"
      >
        Book a session
      </a>
    </div>
  </nav>
  <div
    className="innerContainer"
  >
    <div
      className="child"
      onLogin={[Function]}
      onStartToolResponse={[Function]}
      onSubmitIntro={undefined}
      onSubmitModule={[Function]}
      user={Object {}}
    />
  </div>
  <div
    className="container container-footer"
  >
    <div
      className="footer"
    >
      <div
        className="row"
      >
        <div
          className="col-sm-6"
        >
          <p
            className="pull-left"
          >
            Copyright Â© 2017 
            <a
              className="link"
              href="/"
              onClick={[Function]}
            >
              Adam Goldman
            </a>
          </p>
        </div>
        <div
          className="col-sm-6"
        >
          <p
            className="pull-right"
          >
            <a
              className="link"
              href="/legal-stuff"
              onClick={[Function]}
            >
              legal stuff
            </a>
            <a
              className="link"
              href="/privacy"
              onClick={[Function]}
              style={
                Object {
                  "marginLeft": 10,
                }
              }
            >
              Privacy
            </a>
          </p>
        </div>
      </div>
      <div
        className="clearfix"
      />
    </div>
  </div>
  <a
    className="container"
    href="https://www.adamgoldman.me/contact"
    rel="nofollow noreferrer noopener"
    target="_blank"
  >
    <img
      alt="Messenger Link"
      src="http://res.cloudinary.com/goldylucks/image/upload/v1/adamgoldman.me/messenger"
    />
  </a>
</div>
`;
